// Jest Snapshot v1, https://goo.gl/fbAQLP

exports[`GameGrid matches with previous snapshot. 1`] = `
<div>
  <div
    css="[object Object]"
    data-testid="game-grid-container"
  >
    <div
      css="[object Object]"
    />
    <div
      css="[object Object]"
    />
    <div
      css="[object Object]"
    />
    <div
      css="[object Object]"
    />
    <div
      css="[object Object]"
    />
    <div
      css="[object Object]"
    />
    <div
      css="[object Object]"
    />
    <div
      css="[object Object]"
    />
    <div
      css="[object Object]"
    />
    <div
      css="[object Object]"
    />
    <div
      css="[object Object]"
    />
    <div
      css="[object Object]"
    />
    <div
      css="[object Object]"
    />
    <div
      css="[object Object]"
    />
    <div
      css="[object Object]"
    />
    <div
      css="[object Object]"
    />
    <div
      css="[object Object]"
    />
    <div
      css="[object Object]"
    />
    <div
      css="[object Object]"
    />
    <div
      css="[object Object]"
    />
    <div
      css="[object Object]"
    />
    <div
      css="[object Object]"
    />
    <div
      css="[object Object]"
    />
    <div
      css="[object Object]"
    />
    <div
      css="[object Object]"
    />
    <div
      css="[object Object]"
    />
    <div
      css="[object Object]"
    />
    <div
      css="[object Object]"
    />
    <div
      css="[object Object]"
    />
    <div
      css="[object Object]"
    />
    <div
      css="[object Object]"
    />
    <div
      css="[object Object]"
    />
    <div
      css="[object Object]"
    />
    <div
      css="[object Object]"
    />
    <div
      css="[object Object]"
    />
    <div
      css="[object Object]"
    />
    <div
      css="[object Object]"
    />
    <div
      css="[object Object]"
    />
    <div
      css="[object Object]"
    />
    <div
      css="[object Object]"
    />
    <div
      css="[object Object]"
    />
    <div
      css="[object Object]"
    />
    <div
      css="[object Object]"
    />
    <div
      css="[object Object]"
    />
    <div
      css="[object Object]"
    />
    <div
      css="[object Object]"
    />
    <div
      css="[object Object]"
    />
    <div
      css="[object Object]"
    />
    <div
      css="[object Object]"
    />
    <div
      css="[object Object]"
    />
    <div
      css="[object Object]"
    />
    <div
      css="[object Object]"
    />
    <div
      css="[object Object]"
    />
    <div
      css="[object Object]"
    />
    <div
      css="[object Object]"
    />
    <div
      css="[object Object]"
    />
    <div
      css="[object Object]"
    />
    <div
      css="[object Object]"
    />
    <div
      css="[object Object]"
    />
    <div
      css="[object Object]"
    />
    <div
      css="[object Object]"
    />
    <div
      css="[object Object]"
    />
    <div
      css="[object Object]"
    />
    <div
      css="[object Object]"
    />
    <div
      css="[object Object]"
    />
    <div
      css="[object Object]"
    />
    <div
      css="[object Object]"
    />
    <div
      css="[object Object]"
    />
    <div
      css="[object Object]"
    />
    <div
      css="[object Object]"
    />
    <div
      css="[object Object]"
    />
    <div
      css="[object Object]"
    />
  </div>
</div>
`;
