// Jest Snapshot v1, https://goo.gl/fbAQLP

exports[`GameGrid matches with previous snapshot 1`] = `
<div>
  <div
    class="css-1nk0c6d-GameGrid"
    data-testid="game-grid-container"
  >
    <div
      class="css-1mc37or-GameGrid"
    />
    <div
      class="css-1mc37or-GameGrid"
    />
    <div
      class="css-1mc37or-GameGrid"
    />
    <div
      class="css-1mc37or-GameGrid"
    />
    <div
      class="css-1mc37or-GameGrid"
    />
    <div
      class="css-1mc37or-GameGrid"
    />
    <div
      class="css-1mc37or-GameGrid"
    />
    <div
      class="css-1mc37or-GameGrid"
    />
    <div
      class="css-1mc37or-GameGrid"
    />
    <div
      class="css-1mc37or-GameGrid"
    />
    <div
      class="css-1mc37or-GameGrid"
    />
    <div
      class="css-1mc37or-GameGrid"
    />
    <div
      class="css-1mc37or-GameGrid"
    />
    <div
      class="css-1mc37or-GameGrid"
    />
    <div
      class="css-1mc37or-GameGrid"
    />
    <div
      class="css-1mc37or-GameGrid"
    />
    <div
      class="css-1mc37or-GameGrid"
    />
    <div
      class="css-1mc37or-GameGrid"
    />
    <div
      class="css-1mc37or-GameGrid"
    />
    <div
      class="css-1mc37or-GameGrid"
    />
    <div
      class="css-1mc37or-GameGrid"
    />
    <div
      class="css-1mc37or-GameGrid"
    />
    <div
      class="css-1mc37or-GameGrid"
    />
    <div
      class="css-1mc37or-GameGrid"
    />
    <div
      class="css-1mc37or-GameGrid"
    />
    <div
      class="css-1mc37or-GameGrid"
    />
    <div
      class="css-1mc37or-GameGrid"
    />
    <div
      class="css-1mc37or-GameGrid"
    />
    <div
      class="css-1mc37or-GameGrid"
    />
    <div
      class="css-1mc37or-GameGrid"
    />
    <div
      class="css-1mc37or-GameGrid"
    />
    <div
      class="css-1mc37or-GameGrid"
    />
    <div
      class="css-1mc37or-GameGrid"
    />
    <div
      class="css-1mc37or-GameGrid"
    />
    <div
      class="css-1mc37or-GameGrid"
    />
    <div
      class="css-1mc37or-GameGrid"
    />
    <div
      class="css-1mc37or-GameGrid"
    />
    <div
      class="css-1mc37or-GameGrid"
    />
    <div
      class="css-1mc37or-GameGrid"
    />
    <div
      class="css-1mc37or-GameGrid"
    />
    <div
      class="css-1mc37or-GameGrid"
    />
    <div
      class="css-1mc37or-GameGrid"
    />
    <div
      class="css-1mc37or-GameGrid"
    />
    <div
      class="css-1mc37or-GameGrid"
    />
    <div
      class="css-1mc37or-GameGrid"
    />
    <div
      class="css-1mc37or-GameGrid"
    />
    <div
      class="css-1mc37or-GameGrid"
    />
    <div
      class="css-1mc37or-GameGrid"
    />
    <div
      class="css-1mc37or-GameGrid"
    />
    <div
      class="css-1mc37or-GameGrid"
    />
    <div
      class="css-1mc37or-GameGrid"
    />
    <div
      class="css-1mc37or-GameGrid"
    />
    <div
      class="css-1mc37or-GameGrid"
    />
    <div
      class="css-1mc37or-GameGrid"
    />
    <div
      class="css-1mc37or-GameGrid"
    />
    <div
      class="css-1mc37or-GameGrid"
    />
    <div
      class="css-1mc37or-GameGrid"
    />
    <div
      class="css-1mc37or-GameGrid"
    />
    <div
      class="css-1mc37or-GameGrid"
    />
    <div
      class="css-1mc37or-GameGrid"
    />
    <div
      class="css-1mc37or-GameGrid"
    />
    <div
      class="css-1mc37or-GameGrid"
    />
    <div
      class="css-1mc37or-GameGrid"
    />
    <div
      class="css-1mc37or-GameGrid"
    />
    <div
      class="css-1mc37or-GameGrid"
    />
    <div
      class="css-1mc37or-GameGrid"
    />
    <div
      class="css-1mc37or-GameGrid"
    />
    <div
      class="css-1mc37or-GameGrid"
    />
    <div
      class="css-1mc37or-GameGrid"
    />
    <div
      class="css-1mc37or-GameGrid"
    />
    <div
      class="css-1mc37or-GameGrid"
    />
    <div
      class="css-1mc37or-GameGrid"
    />
  </div>
</div>
`;
