// Jest Snapshot v1, https://goo.gl/fbAQLP

exports[`MonNameInput Default matches with previous snapshot 1`] = `
<div>
  <form>
    <div
      class="css-x0qybi-MonNameInput"
    >
      <div
        class="css-17foa0b-MonNameInput"
      >
        <div
          class="css-1iqmk5w-TextField"
        >
          <input
            aria-label="mon name"
            autocomplete="off"
            class="css-b5txhi-TextField"
            name="monName"
            placeholder="Enter Pokémon's name"
          />
          <div
            class="css-11l6zdc-TextField"
          />
        </div>
      </div>
      <button
        class="css-ynvbwh-Button-MonNameInput"
        type="submit"
      >
        Fire (Enter)
      </button>
    </div>
    <div
      class="css-1al6zg1-MonNameInput"
    >
      <button
        class="css-1y3y61p-Button-MonNameInput"
      >
        Skip (Space bar)
      </button>
    </div>
  </form>
</div>
`;
