// Jest Snapshot v1, https://goo.gl/fbAQLP

exports[`MonNameInput Default matches with previous snapshot 1`] = `
<div>
  <form>
    <div
      css="[object Object]"
    >
      <div
        css="[object Object]"
      >
        <div
          css="[object Object]"
        >
          <input
            aria-label="mon name"
            css="[object Object],[object Object],[object Object],[object Object],[object Object],[object Object],"
            name="monName"
            placeholder="Enter Pokémon's name"
          />
          <div
            css="[object Object],[object Object]"
          />
        </div>
      </div>
      <button
        css="[object Object]"
        type="submit"
      >
        Fire (Enter)
      </button>
    </div>
    <div
      css="[object Object]"
    >
      <button
        css="[object Object]"
      >
        Skip (Space bar)
      </button>
    </div>
  </form>
</div>
`;
